// Vitest Snapshot v1, https://vitest.dev/guide/snapshot.html

exports[`budgets federation navigation traffic for 1 visible mounts 1`] = `
{
  "cold": {
    "duplicates": 0,
    "requestBytes": 262,
    "requests": 1,
    "responseBytes": 1044,
    "rows": 1,
  },
  "refresh": {
    "duplicates": 0,
    "requestBytes": 374,
    "requests": 1,
    "responseBytes": 1044,
    "rows": 1,
  },
  "selection": {
    "duplicates": 0,
    "requestBytes": 342,
    "requests": 1,
    "responseBytes": 1044,
    "rows": 1,
  },
}
`;

exports[`budgets federation navigation traffic for 10 visible mounts 1`] = `
{
  "cold": {
    "duplicates": 0,
    "requestBytes": 865,
    "requests": 1,
    "responseBytes": 8659,
    "rows": 10,
  },
  "refresh": {
    "duplicates": 0,
    "requestBytes": 1204,
    "requests": 2,
    "responseBytes": 8858,
    "rows": 10,
  },
  "selection": {
    "duplicates": 0,
    "requestBytes": 1140,
    "requests": 2,
    "responseBytes": 8858,
    "rows": 10,
  },
}
`;

exports[`budgets federation navigation traffic for 101 visible mounts 1`] = `
{
  "cold": {
    "duplicates": 10,
    "requestBytes": 8114,
    "requests": 3,
    "responseBytes": 94874,
    "rows": 111,
  },
  "refresh": {
    "duplicates": 0,
    "requestBytes": 7393,
    "requests": 2,
    "responseBytes": 86214,
    "rows": 101,
  },
  "selection": {
    "duplicates": 0,
    "requestBytes": 7329,
    "requests": 2,
    "responseBytes": 86214,
    "rows": 101,
  },
}
`;
