// Vitest Snapshot v1, https://vitest.dev/guide/snapshot.html

exports[`budgets federation navigation traffic for 1 visible mounts 1`] = `
{
  "cold": {
    "duplicates": 0,
    "requestBytes": 240,
    "requests": 1,
    "responseBytes": 1044,
    "rows": 1,
  },
  "refresh": {
    "duplicates": 0,
    "requestBytes": 351,
    "requests": 1,
    "responseBytes": 1044,
    "rows": 1,
  },
  "selection": {
    "duplicates": 0,
    "requestBytes": 320,
    "requests": 1,
    "responseBytes": 1044,
    "rows": 1,
  },
}
`;

exports[`budgets federation navigation traffic for 10 visible mounts 1`] = `
{
  "cold": {
    "duplicates": 0,
    "requestBytes": 843,
    "requests": 1,
    "responseBytes": 8659,
    "rows": 10,
  },
  "refresh": {
    "duplicates": 0,
    "requestBytes": 1158,
    "requests": 2,
    "responseBytes": 8858,
    "rows": 10,
  },
  "selection": {
    "duplicates": 0,
    "requestBytes": 1096,
    "requests": 2,
    "responseBytes": 8858,
    "rows": 10,
  },
}
`;

exports[`budgets federation navigation traffic for 101 visible mounts 1`] = `
{
  "cold": {
    "duplicates": 550,
    "requestBytes": 46235,
    "requests": 12,
    "responseBytes": 555314,
    "rows": 651,
  },
  "refresh": {
    "duplicates": 0,
    "requestBytes": 7347,
    "requests": 2,
    "responseBytes": 86214,
    "rows": 101,
  },
  "selection": {
    "duplicates": 0,
    "requestBytes": 7285,
    "requests": 2,
    "responseBytes": 86214,
    "rows": 101,
  },
}
`;
